Running pre-process pruning (maintaining 60-day window)...
Starting execution for date: 2026-02-22
Attempting to download BSE ZIP from: https://www.bseindia.com/BSEDATA/gross/2026/SCBSEALL2202.zip
Error downloading BSE ZIP: 404 Client Error: Not Found for url: https://www.bseindia.com/BSEDATA/gross/2026/SCBSEALL2202.zip
Requesting Samco Bhavcopy for date: 2026-02-22
No CSV links found in Samco response. Warning: Might be a holiday or data not yet available.
Skipping merge due to missing download(s).
Killed
Running pre-process pruning (maintaining 60-day window)...
Starting execution for date: 2026-02-24
Attempting to download BSE ZIP from: https://www.bseindia.com/BSEDATA/gross/2026/SCBSEALL2402.zip
BSE ZIP downloaded and extracted successfully.
Requesting Samco Bhavcopy for date: 2026-02-24
Found CSV link: https://www.samco.in/bse_nse_mcx/datacopy/L3Zhci93d3cvaHRtbC9zYW1jby9wdWJsaWNfaHRtbC9Eb3dubG9hZHMvYmhhdmNvcHlfZGF0YS8yMDI2LTAyLTI0LzIwMjYwMjI0X0JTRS5jc3Y, downloading as 20260224_BSE.csv
Downloaded: StockData/20260224_BSE.csv
Reading BSE file: StockData/SCBSEALL2402.TXT
Reading Samco file: StockData/20260224_BSE.csv
Merging files...
Filtered data has 900 rows.
Renaming source 'DATE' column to 'DATE_GEN'
Loading existing CSV: StockData/merged_stock_data.csv
Appending new data to existing history...
Saving accumulated data to CSV: StockData/merged_stock_data.csv
Saving accumulated data to PKL: StockData/merged_stock_data.pkl
Saving accumulated data to SQLite: StockData/stock_data.db
SQLite update successful.

--- Accumulation File Preview (First 5 Rows) ---
   DATE_GEN  SCRIP CODE  DELIVERY QTY  DELIVERY VAL  DAY'S VOLUME  DAY'S TURNOVER  DELV. PER.  SC_CODE                         SC_NAME SC_GROUP SC_TYPE     OPEN     HIGH      LOW    CLOSE     LAST  PREVCLOSE  NO_TRADES  NO_OF_SHRS  NET_TURNOV  TDCLOINDI        Date
0  19112025      500002         16777      85257359         22755       115209158       73.73   500002               ABB INDIA LIMITED        A     STK  5085.00  5094.95  5037.00  5081.80  5082.00    5079.75       2347       22755   115209158        NaN  2025-11-19
1  19112025      500003          5328       4204059          9619         7582417       55.39   500003            AEGIS LOGISTICS LTD.        A     STK   790.05   795.40   786.00   789.05   786.00     792.65        856        9619     7582417        NaN  2025-11-19
2  19112025      500008          4742       4552558          8611         8227746       55.07   500008  Amara Raja Energy & Mobility L        A     STK   956.05   962.40   951.00   960.05   960.85     956.05        788        8611     8227746        NaN  2025-11-19
3  19112025      500009         15940        488721         19569          600771       81.46   500009  AMBALAL SARABHAI ENTERPRISES L        X     STK    30.91    31.00    30.50    30.66    30.78      30.63        167       19569      600771        NaN  2025-11-19
4  19112025      500012         20769       1063373         23178         1187701       89.61   500012      ANDHRA PETROCHEMICALS LTD.        X     STK    51.40    51.84    51.06    51.20    51.27      51.40        243       23178     1187701        NaN  2025-11-19

--- Accumulation File Preview (Last 5 Rows) ---
        DATE_GEN  SCRIP CODE  DELIVERY QTY  DELIVERY VAL  DAY'S VOLUME  DAY'S TURNOVER  DELV. PER.  SC_CODE                         SC_NAME SC_GROUP SC_TYPE    OPEN    HIGH     LOW   CLOSE    LAST  PREVCLOSE  NO_TRADES  NO_OF_SHRS  NET_TURNOV  TDCLOINDI        Date
317455  24022026      514272          8211        942623          8257          868843       99.44   514272          BHILWARA SPINNERS LTD.        X     STK  111.80  117.55  105.00  114.80  115.05     107.30         25        8257      868843        NaN  2026-02-24
317456  24022026      514274          1100        147400          1451          196250       75.81   514274           VARVEE GLOBAL LIMITED        B     STK  150.00  150.00  133.20  134.00  134.70     133.90        161        1451      196250        NaN  2026-02-24
317457  24022026      514280             1           149             2             289       50.00   514280  SANRHEA TECHNICAL TEXTILES LTD        X     STK  140.60  148.80  140.60  148.80  148.80     149.50          2           2         289        NaN  2026-02-24
317458  24022026      514286         28576        430355         30063          452588       95.05   514286                     ASHIMA LTD.        B     STK   15.29   15.85   14.73   15.06   14.93      15.25         70       30063      452588        NaN  2026-02-24
317459  24022026      514300            24           645            33             906       72.73   514300       PIONEER EMBROIDERIES LTD.        B     STK   28.55   28.55   26.87   26.87   26.87      27.03          8          33         906        NaN  2026-02-24
Process completed successfully.
Running pre-process pruning (maintaining 60-day window)...
Starting execution for date: 2026-02-25
Attempting to download BSE ZIP from: https://www.bseindia.com/BSEDATA/gross/2026/SCBSEALL2502.zip
BSE ZIP downloaded and extracted successfully.
Requesting Samco Bhavcopy for date: 2026-02-25
Found CSV link: https://www.samco.in/bse_nse_mcx/datacopy/L3Zhci93d3cvaHRtbC9zYW1jby9wdWJsaWNfaHRtbC9Eb3dubG9hZHMvYmhhdmNvcHlfZGF0YS8yMDI2LTAyLTI1LzIwMjYwMjI1X0JTRS5jc3Y, downloading as 20260225_BSE.csv
Downloaded: StockData/20260225_BSE.csv
Reading BSE file: StockData/SCBSEALL2502.TXT
Reading Samco file: StockData/20260225_BSE.csv
Merging files...
Filtered data has 4789 rows.
Renaming source 'DATE' column to 'DATE_GEN'
Loading existing CSV: StockData/merged_stock_data.csv
Appending new data to existing history...
Saving accumulated data to CSV: StockData/merged_stock_data.csv
Saving accumulated data to PKL: StockData/merged_stock_data.pkl
Saving accumulated data to SQLite: StockData/stock_data.db
SQLite update successful.

--- Accumulation File Preview (First 5 Rows) ---
   DATE_GEN  SCRIP CODE  DELIVERY QTY  DELIVERY VAL  DAY'S VOLUME  DAY'S TURNOVER  DELV. PER.  SC_CODE                         SC_NAME SC_GROUP SC_TYPE     OPEN     HIGH      LOW    CLOSE     LAST  PREVCLOSE  NO_TRADES  NO_OF_SHRS  NET_TURNOV  TDCLOINDI        Date
0  19112025      500002         16777      85257359         22755       115209158       73.73   500002               ABB INDIA LIMITED        A     STK  5085.00  5094.95  5037.00  5081.80  5082.00    5079.75       2347       22755   115209158        NaN  2025-11-19
1  19112025      500003          5328       4204059          9619         7582417       55.39   500003            AEGIS LOGISTICS LTD.        A     STK   790.05   795.40   786.00   789.05   786.00     792.65        856        9619     7582417        NaN  2025-11-19
2  19112025      500008          4742       4552558          8611         8227746       55.07   500008  Amara Raja Energy & Mobility L        A     STK   956.05   962.40   951.00   960.05   960.85     956.05        788        8611     8227746        NaN  2025-11-19
3  19112025      500009         15940        488721         19569          600771       81.46   500009  AMBALAL SARABHAI ENTERPRISES L        X     STK    30.91    31.00    30.50    30.66    30.78      30.63        167       19569      600771        NaN  2025-11-19
4  19112025      500012         20769       1063373         23178         1187701       89.61   500012      ANDHRA PETROCHEMICALS LTD.        X     STK    51.40    51.84    51.06    51.20    51.27      51.40        243       23178     1187701        NaN  2025-11-19

--- Accumulation File Preview (Last 5 Rows) ---
        DATE_GEN  SCRIP CODE  DELIVERY QTY  DELIVERY VAL  DAY'S VOLUME  DAY'S TURNOVER  DELV. PER.  SC_CODE                SC_NAME SC_GROUP SC_TYPE       OPEN       HIGH        LOW      CLOSE       LAST  PREVCLOSE  NO_TRADES  NO_OF_SHRS  NET_TURNOV  TDCLOINDI        Date
326110  25022026      977488             1        100100             1          100100       100.0   977488  SCNL-12%-23-07-31-PVT        F     STK  100100.00  100100.00  100100.00  100100.00  100100.00  100000.00          1           1      100100        NaN  2026-02-25
326111  25022026      977515             3         30000             3           30000       100.0   977515  SCNL-10%-30-01-28-PVT        F     STK   10000.00   10000.00   10000.00   10000.00   10000.00    9847.00          1           3       30000        NaN  2026-02-25
326112  25022026      977532            63       6318900            63         6332602       100.0   977532    MSAFL-ZC-6-2-28-PVT        F     STK  100521.00  100521.00  100300.00  100300.00  100300.00  100494.00          7          63     6332602        NaN  2026-02-25
326113  25022026      977535           105       1036035           105         1036013       100.0   977535  SFL-10.75%-6-2-28-PVT        F     STK    9901.00    9901.00    9866.44    9867.00    9867.00   10013.49          4         105     1036013        NaN  2026-02-25
326114  25022026      977541             9         88705             9           88704       100.0   977541    KFL-12%-10-5-28-KFL        F     STK    9856.03    9856.03    9856.03    9856.03    9856.03    9830.00          3           9       88704        NaN  2026-02-25
Process completed successfully.
Running pre-process pruning (maintaining 60-day window)...
Starting execution for date: 2026-02-26
Attempting to download BSE ZIP from: https://www.bseindia.com/BSEDATA/gross/2026/SCBSEALL2602.zip
BSE ZIP downloaded and extracted successfully.
Requesting Samco Bhavcopy for date: 2026-02-26
Found CSV link: https://www.samco.in/bse_nse_mcx/datacopy/L3Zhci93d3cvaHRtbC9zYW1jby9wdWJsaWNfaHRtbC9Eb3dubG9hZHMvYmhhdmNvcHlfZGF0YS8yMDI2LTAyLTI2LzIwMjYwMjI2X0JTRS5jc3Y, downloading as 20260226_BSE.csv
Downloaded: StockData/20260226_BSE.csv
Reading BSE file: StockData/SCBSEALL2602.TXT
Reading Samco file: StockData/20260226_BSE.csv
Merging files...
Filtered data has 4744 rows.
Renaming source 'DATE' column to 'DATE_GEN'
Loading existing CSV: StockData/merged_stock_data.csv
Appending new data to existing history...
Saving accumulated data to CSV: StockData/merged_stock_data.csv
Saving accumulated data to PKL: StockData/merged_stock_data.pkl
Saving accumulated data to SQLite: StockData/stock_data.db
SQLite update successful.

--- Accumulation File Preview (First 5 Rows) ---
   DATE_GEN  SCRIP CODE  DELIVERY QTY  DELIVERY VAL  DAY'S VOLUME  DAY'S TURNOVER  DELV. PER.  SC_CODE                         SC_NAME SC_GROUP SC_TYPE     OPEN     HIGH      LOW    CLOSE     LAST  PREVCLOSE  NO_TRADES  NO_OF_SHRS  NET_TURNOV  TDCLOINDI        Date
0  19112025      500002         16777      85257359         22755       115209158       73.73   500002               ABB INDIA LIMITED        A     STK  5085.00  5094.95  5037.00  5081.80  5082.00    5079.75       2347       22755   115209158        NaN  2025-11-19
1  19112025      500003          5328       4204059          9619         7582417       55.39   500003            AEGIS LOGISTICS LTD.        A     STK   790.05   795.40   786.00   789.05   786.00     792.65        856        9619     7582417        NaN  2025-11-19
2  19112025      500008          4742       4552558          8611         8227746       55.07   500008  Amara Raja Energy & Mobility L        A     STK   956.05   962.40   951.00   960.05   960.85     956.05        788        8611     8227746        NaN  2025-11-19
3  19112025      500009         15940        488721         19569          600771       81.46   500009  AMBALAL SARABHAI ENTERPRISES L        X     STK    30.91    31.00    30.50    30.66    30.78      30.63        167       19569      600771        NaN  2025-11-19
4  19112025      500012         20769       1063373         23178         1187701       89.61   500012      ANDHRA PETROCHEMICALS LTD.        X     STK    51.40    51.84    51.06    51.20    51.27      51.40        243       23178     1187701        NaN  2025-11-19

--- Accumulation File Preview (Last 5 Rows) ---
        DATE_GEN  SCRIP CODE  DELIVERY QTY  DELIVERY VAL  DAY'S VOLUME  DAY'S TURNOVER  DELV. PER.  SC_CODE                  SC_NAME SC_GROUP SC_TYPE       OPEN       HIGH        LOW      CLOSE       LAST  PREVCLOSE  NO_TRADES  NO_OF_SHRS  NET_TURNOV  TDCLOINDI        Date
330854  26022026      977477            41        411599            41          411570       100.0   977477  NFL-10.75%-31-12-28-PVT        F     STK   10010.00   10039.00   10010.00   10039.00   10039.00   10076.46         11          41      411570        NaN  2026-02-26
330855  26022026      977515             2         20000             2           20000       100.0   977515    SCNL-10%-30-01-28-PVT        F     STK   10000.00   10000.00   10000.00   10000.00   10000.00   10000.00          1           2       20000        NaN  2026-02-26
330856  26022026      977516             2         19398             2           19398       100.0   977516  DKGFSPL-11%-30-1-29-PVT        F     STK    9699.00    9699.00    9699.00    9699.00    9699.00    9650.00          1           2       19398        NaN  2026-02-26
330857  26022026      977532            10       1005490            10         1005195       100.0   977532      MSAFL-ZC-6-2-28-PVT        F     STK  100500.00  100549.00  100500.00  100549.00  100549.00  100300.00          3          10     1005195        NaN  2026-02-26
330858  26022026      977541             5         49281             5           49280       100.0   977541      KFL-12%-10-5-28-KFL        F     STK    9856.03    9856.03    9856.03    9856.03    9856.03    9856.03          1           5       49280        NaN  2026-02-26
Process completed successfully.
Running pre-process pruning (maintaining 60-day window)...
Starting execution for date: 2026-02-27
Attempting to download BSE ZIP from: https://www.bseindia.com/BSEDATA/gross/2026/SCBSEALL2702.zip
BSE ZIP downloaded and extracted successfully.
Requesting Samco Bhavcopy for date: 2026-02-27
Found CSV link: https://www.samco.in/bse_nse_mcx/datacopy/L3Zhci93d3cvaHRtbC9zYW1jby9wdWJsaWNfaHRtbC9Eb3dubG9hZHMvYmhhdmNvcHlfZGF0YS8yMDI2LTAyLTI3LzIwMjYwMjI3X0JTRS5jc3Y, downloading as 20260227_BSE.csv
Downloaded: StockData/20260227_BSE.csv
Reading BSE file: StockData/SCBSEALL2702.TXT
Reading Samco file: StockData/20260227_BSE.csv
Merging files...
Filtered data has 4770 rows.
Renaming source 'DATE' column to 'DATE_GEN'
Loading existing CSV: StockData/merged_stock_data.csv
Appending new data to existing history...
Saving accumulated data to CSV: StockData/merged_stock_data.csv
Saving accumulated data to PKL: StockData/merged_stock_data.pkl
Saving accumulated data to SQLite: StockData/stock_data.db
SQLite update successful.

--- Accumulation File Preview (First 5 Rows) ---
   DATE_GEN  SCRIP CODE  DELIVERY QTY  DELIVERY VAL  DAY'S VOLUME  DAY'S TURNOVER  DELV. PER.  SC_CODE                         SC_NAME SC_GROUP SC_TYPE     OPEN     HIGH      LOW    CLOSE     LAST  PREVCLOSE  NO_TRADES  NO_OF_SHRS  NET_TURNOV  TDCLOINDI        Date
0  19112025      500002         16777      85257359         22755       115209158       73.73   500002               ABB INDIA LIMITED        A     STK  5085.00  5094.95  5037.00  5081.80  5082.00    5079.75       2347       22755   115209158        NaN  2025-11-19
1  19112025      500003          5328       4204059          9619         7582417       55.39   500003            AEGIS LOGISTICS LTD.        A     STK   790.05   795.40   786.00   789.05   786.00     792.65        856        9619     7582417        NaN  2025-11-19
2  19112025      500008          4742       4552558          8611         8227746       55.07   500008  Amara Raja Energy & Mobility L        A     STK   956.05   962.40   951.00   960.05   960.85     956.05        788        8611     8227746        NaN  2025-11-19
3  19112025      500009         15940        488721         19569          600771       81.46   500009  AMBALAL SARABHAI ENTERPRISES L        X     STK    30.91    31.00    30.50    30.66    30.78      30.63        167       19569      600771        NaN  2025-11-19
4  19112025      500012         20769       1063373         23178         1187701       89.61   500012      ANDHRA PETROCHEMICALS LTD.        X     STK    51.40    51.84    51.06    51.20    51.27      51.40        243       23178     1187701        NaN  2025-11-19

--- Accumulation File Preview (Last 5 Rows) ---
        DATE_GEN  SCRIP CODE  DELIVERY QTY  DELIVERY VAL  DAY'S VOLUME  DAY'S TURNOVER  DELV. PER.  SC_CODE                   SC_NAME SC_GROUP SC_TYPE       OPEN       HIGH        LOW      CLOSE       LAST  PREVCLOSE  NO_TRADES  NO_OF_SHRS  NET_TURNOV  TDCLOINDI        Date
335624  27022026      977471            10       1016164            10         1016164       100.0   977471  KIIFB-9.30%-21-01-33-PVT        F     STK  101616.40  101616.40  101616.40  101616.40  101616.40  101515.40          2          10     1016164        NaN  2026-02-27
335625  27022026      977477            94        943290            94          943031       100.0   977477   NFL-10.75%-31-12-28-PVT        F     STK   10018.00   10035.00   10018.00   10035.00   10035.00   10039.00         17          94      943031        NaN  2026-02-27
335626  27022026      977532             9        905184             9          905184       100.0   977532       MSAFL-ZC-6-2-28-PVT        F     STK  100576.00  100576.00  100576.00  100576.00  100576.00  100549.00          6           9      905184        NaN  2026-02-27
335627  27022026      977541             5         49281             5           49280       100.0   977541       KFL-12%-10-5-28-KFL        F     STK    9856.05    9856.05    9856.05    9856.05    9856.05    9856.03          1           5       49280        NaN  2026-02-27
335628  27022026      977576            50        497000            50          496600       100.0   977576      UCIL-13%-24-5-27-PVT        F     STK    9940.00    9940.00    9900.00    9940.00    9940.00       0.00          9          50      496600        NaN  2026-02-27
Process completed successfully.
Running pre-process pruning (maintaining 60-day window)...
Starting execution for date: 2026-02-28
Attempting to download BSE ZIP from: https://www.bseindia.com/BSEDATA/gross/2026/SCBSEALL2802.zip
Error downloading BSE ZIP: 404 Client Error: Not Found for url: https://www.bseindia.com/BSEDATA/gross/2026/SCBSEALL2802.zip
Requesting Samco Bhavcopy for date: 2026-02-28
No CSV links found in Samco response. Warning: Might be a holiday or data not yet available.
Skipping merge due to missing download(s).
Running pre-process pruning (maintaining 60-day window)...
Starting execution for date: 2026-03-01
Attempting to download BSE ZIP from: https://www.bseindia.com/BSEDATA/gross/2026/SCBSEALL0103.zip
Error downloading BSE ZIP: 404 Client Error: Not Found for url: https://www.bseindia.com/BSEDATA/gross/2026/SCBSEALL0103.zip
Requesting Samco Bhavcopy for date: 2026-03-01
No CSV links found in Samco response. Warning: Might be a holiday or data not yet available.
Skipping merge due to missing download(s).
Running pre-process pruning (maintaining 60-day window)...
Starting execution for date: 2026-03-02
Attempting to download BSE ZIP from: https://www.bseindia.com/BSEDATA/gross/2026/SCBSEALL0203.zip
BSE ZIP downloaded and extracted successfully.
Requesting Samco Bhavcopy for date: 2026-03-02
Found CSV link: https://www.samco.in/bse_nse_mcx/datacopy/L3Zhci93d3cvaHRtbC9zYW1jby9wdWJsaWNfaHRtbC9Eb3dubG9hZHMvYmhhdmNvcHlfZGF0YS8yMDI2LTAzLTAyLzIwMjYwMzAyX0JTRS5jc3Y, downloading as 20260302_BSE.csv
Downloaded: StockData/20260302_BSE.csv
Reading BSE file: StockData/SCBSEALL0203.TXT
Reading Samco file: StockData/20260302_BSE.csv
Merging files...
Filtered data has 4987 rows.
Renaming source 'DATE' column to 'DATE_GEN'
Loading existing CSV: StockData/merged_stock_data.csv
Appending new data to existing history...
Saving accumulated data to CSV: StockData/merged_stock_data.csv
Saving accumulated data to PKL: StockData/merged_stock_data.pkl
Saving accumulated data to SQLite: StockData/stock_data.db
SQLite update successful.

--- Accumulation File Preview (First 5 Rows) ---
   DATE_GEN  SCRIP CODE  DELIVERY QTY  DELIVERY VAL  DAY'S VOLUME  DAY'S TURNOVER  DELV. PER.  SC_CODE                         SC_NAME SC_GROUP SC_TYPE     OPEN     HIGH      LOW    CLOSE     LAST  PREVCLOSE  NO_TRADES  NO_OF_SHRS  NET_TURNOV  TDCLOINDI        Date
0  19112025      500002         16777      85257359         22755       115209158       73.73   500002               ABB INDIA LIMITED        A     STK  5085.00  5094.95  5037.00  5081.80  5082.00    5079.75       2347       22755   115209158        NaN  2025-11-19
1  19112025      500003          5328       4204059          9619         7582417       55.39   500003            AEGIS LOGISTICS LTD.        A     STK   790.05   795.40   786.00   789.05   786.00     792.65        856        9619     7582417        NaN  2025-11-19
2  19112025      500008          4742       4552558          8611         8227746       55.07   500008  Amara Raja Energy & Mobility L        A     STK   956.05   962.40   951.00   960.05   960.85     956.05        788        8611     8227746        NaN  2025-11-19
3  19112025      500009         15940        488721         19569          600771       81.46   500009  AMBALAL SARABHAI ENTERPRISES L        X     STK    30.91    31.00    30.50    30.66    30.78      30.63        167       19569      600771        NaN  2025-11-19
4  19112025      500012         20769       1063373         23178         1187701       89.61   500012      ANDHRA PETROCHEMICALS LTD.        X     STK    51.40    51.84    51.06    51.20    51.27      51.40        243       23178     1187701        NaN  2025-11-19

--- Accumulation File Preview (Last 5 Rows) ---
        DATE_GEN  SCRIP CODE  DELIVERY QTY  DELIVERY VAL  DAY'S VOLUME  DAY'S TURNOVER  DELV. PER.  SC_CODE                     SC_NAME SC_GROUP SC_TYPE       OPEN       HIGH        LOW      CLOSE       LAST  PREVCLOSE  NO_TRADES  NO_OF_SHRS  NET_TURNOV  TDCLOINDI        Date
340611   2032026      977487             6        602465             6          602464       100.0   977487      IML-11.75%-23-1-31-PVT        F     STK  100410.73  100410.73  100410.73  100410.73  100410.73   99917.98          4           6      602464        NaN  2026-03-02
340612   2032026      977532           208      20937072           208        20936319       100.0   977532         MSAFL-ZC-6-2-28-PVT        F     STK  100659.00  100659.00  100400.00  100659.00  100659.00  100576.00         45         208    20936319        NaN  2026-03-02
340613   2032026      977541             5         49281             5           49280       100.0   977541         KFL-12%-10-5-28-KFL        F     STK    9856.10    9856.10    9856.10    9856.10    9856.10    9856.05          1           5       49280        NaN  2026-03-02
340614   2032026      977575            10       1000000            10         1000000       100.0   977575  CSAIPL-14.40%-23-12-27-PVT        F     STK  100000.00  100000.00  100000.00  100000.00  100000.00       0.00          1          10     1000000        NaN  2026-03-02
340615   2032026      977576            34        336128            34          336282       100.0   977576        UCIL-13%-24-5-27-PVT        F     STK    9925.00    9925.00    9872.00    9886.09    9886.09    9940.00          9          34      336282        NaN  2026-03-02
Process completed successfully.
Running pre-process pruning (maintaining 60-day window)...
Starting execution for date: 2026-03-03
Attempting to download BSE ZIP from: https://www.bseindia.com/BSEDATA/gross/2026/SCBSEALL0303.zip
Error downloading BSE ZIP: 404 Client Error: Not Found for url: https://www.bseindia.com/BSEDATA/gross/2026/SCBSEALL0303.zip
Requesting Samco Bhavcopy for date: 2026-03-03
No CSV links found in Samco response. Warning: Might be a holiday or data not yet available.
Skipping merge due to missing download(s).
Running pre-process pruning (maintaining 60-day window)...
Starting execution for date: 2026-03-04
Attempting to download BSE ZIP from: https://www.bseindia.com/BSEDATA/gross/2026/SCBSEALL0403.zip
BSE ZIP downloaded and extracted successfully.
Requesting Samco Bhavcopy for date: 2026-03-04
Found CSV link: https://www.samco.in/bse_nse_mcx/datacopy/L3Zhci93d3cvaHRtbC9zYW1jby9wdWJsaWNfaHRtbC9Eb3dubG9hZHMvYmhhdmNvcHlfZGF0YS8yMDI2LTAzLTA0LzIwMjYwMzA0X0JTRS5jc3Y, downloading as 20260304_BSE.csv
Downloaded: StockData/20260304_BSE.csv
Reading BSE file: StockData/SCBSEALL0403.TXT
Reading Samco file: StockData/20260304_BSE.csv
Merging files...
Filtered data has 4927 rows.
Renaming source 'DATE' column to 'DATE_GEN'
Loading existing CSV: StockData/merged_stock_data.csv
Appending new data to existing history...
Saving accumulated data to CSV: StockData/merged_stock_data.csv
Saving accumulated data to PKL: StockData/merged_stock_data.pkl
Saving accumulated data to SQLite: StockData/stock_data.db
SQLite update successful.

--- Accumulation File Preview (First 5 Rows) ---
   DATE_GEN  SCRIP CODE  DELIVERY QTY  DELIVERY VAL  DAY'S VOLUME  DAY'S TURNOVER  DELV. PER.  SC_CODE                         SC_NAME SC_GROUP SC_TYPE     OPEN     HIGH      LOW    CLOSE     LAST  PREVCLOSE  NO_TRADES  NO_OF_SHRS  NET_TURNOV  TDCLOINDI        Date
0  19112025      500002         16777      85257359         22755       115209158       73.73   500002               ABB INDIA LIMITED        A     STK  5085.00  5094.95  5037.00  5081.80  5082.00    5079.75       2347       22755   115209158        NaN  2025-11-19
1  19112025      500003          5328       4204059          9619         7582417       55.39   500003            AEGIS LOGISTICS LTD.        A     STK   790.05   795.40   786.00   789.05   786.00     792.65        856        9619     7582417        NaN  2025-11-19
2  19112025      500008          4742       4552558          8611         8227746       55.07   500008  Amara Raja Energy & Mobility L        A     STK   956.05   962.40   951.00   960.05   960.85     956.05        788        8611     8227746        NaN  2025-11-19
3  19112025      500009         15940        488721         19569          600771       81.46   500009  AMBALAL SARABHAI ENTERPRISES L        X     STK    30.91    31.00    30.50    30.66    30.78      30.63        167       19569      600771        NaN  2025-11-19
4  19112025      500012         20769       1063373         23178         1187701       89.61   500012      ANDHRA PETROCHEMICALS LTD.        X     STK    51.40    51.84    51.06    51.20    51.27      51.40        243       23178     1187701        NaN  2025-11-19

--- Accumulation File Preview (Last 5 Rows) ---
        DATE_GEN  SCRIP CODE  DELIVERY QTY  DELIVERY VAL  DAY'S VOLUME  DAY'S TURNOVER  DELV. PER.  SC_CODE                    SC_NAME SC_GROUP SC_TYPE      OPEN      HIGH        LOW      CLOSE       LAST  PREVCLOSE  NO_TRADES  NO_OF_SHRS  NET_TURNOV  TDCLOINDI        Date
345538   4032026      977508             1          9500             1            9500       100.0   977508   AFSL-11.35%-29-07-28-PVT        F     STK    9500.0    9500.0    9500.00    9500.00    9500.00   10100.00          1           1        9500        NaN  2026-03-04
345539   4032026      977532           142      14300820           142        14301300       100.0   977532        MSAFL-ZC-6-2-28-PVT        F     STK  100713.8  100714.0  100700.00  100710.00  100710.00  100659.00         21         142    14301300        NaN  2026-03-04
345540   4032026      977534            10         80000            10           80000       100.0   977534  ACAPL-12.50%-06-02-29-PVT        F     STK    8000.0    8000.0    8000.00    8000.00    8000.00       0.00          1          10       80000        NaN  2026-03-04
345541   4032026      977541             5         49281             5           49280       100.0   977541        KFL-12%-10-5-28-KFL        F     STK    9856.1    9856.1    9856.10    9856.10    9856.10    9856.10          1           5       49280        NaN  2026-03-04
345542   4032026      977576             2         19501             2           19649       100.0   977576       UCIL-13%-24-5-27-PVT        F     STK    9899.0    9899.0    9750.01    9750.01    9750.01    9886.09          2           2       19649        NaN  2026-03-04
Process completed successfully.
Running pre-process pruning (maintaining 60-day window)...
Starting execution for date: 2026-03-05
Attempting to download BSE ZIP from: https://www.bseindia.com/BSEDATA/gross/2026/SCBSEALL0503.zip
BSE ZIP downloaded and extracted successfully.
Requesting Samco Bhavcopy for date: 2026-03-05
Found CSV link: https://www.samco.in/bse_nse_mcx/datacopy/L3Zhci93d3cvaHRtbC9zYW1jby9wdWJsaWNfaHRtbC9Eb3dubG9hZHMvYmhhdmNvcHlfZGF0YS8yMDI2LTAzLTA1LzIwMjYwMzA1X0JTRS5jc3Y, downloading as 20260305_BSE.csv
Downloaded: StockData/20260305_BSE.csv
Reading BSE file: StockData/SCBSEALL0503.TXT
Reading Samco file: StockData/20260305_BSE.csv
Merging files...
Filtered data has 1600 rows.
Renaming source 'DATE' column to 'DATE_GEN'
Loading existing CSV: StockData/merged_stock_data.csv
Appending new data to existing history...
Saving accumulated data to CSV: StockData/merged_stock_data.csv
Saving accumulated data to PKL: StockData/merged_stock_data.pkl
Saving accumulated data to SQLite: StockData/stock_data.db
SQLite update successful.

--- Accumulation File Preview (First 5 Rows) ---
   DATE_GEN  SCRIP CODE  DELIVERY QTY  DELIVERY VAL  DAY'S VOLUME  DAY'S TURNOVER  DELV. PER.  SC_CODE                         SC_NAME SC_GROUP SC_TYPE     OPEN     HIGH      LOW    CLOSE     LAST  PREVCLOSE  NO_TRADES  NO_OF_SHRS  NET_TURNOV  TDCLOINDI        Date
0  19112025      500002         16777      85257359         22755       115209158       73.73   500002               ABB INDIA LIMITED        A     STK  5085.00  5094.95  5037.00  5081.80  5082.00    5079.75       2347       22755   115209158        NaN  2025-11-19
1  19112025      500003          5328       4204059          9619         7582417       55.39   500003            AEGIS LOGISTICS LTD.        A     STK   790.05   795.40   786.00   789.05   786.00     792.65        856        9619     7582417        NaN  2025-11-19
2  19112025      500008          4742       4552558          8611         8227746       55.07   500008  Amara Raja Energy & Mobility L        A     STK   956.05   962.40   951.00   960.05   960.85     956.05        788        8611     8227746        NaN  2025-11-19
3  19112025      500009         15940        488721         19569          600771       81.46   500009  AMBALAL SARABHAI ENTERPRISES L        X     STK    30.91    31.00    30.50    30.66    30.78      30.63        167       19569      600771        NaN  2025-11-19
4  19112025      500012         20769       1063373         23178         1187701       89.61   500012      ANDHRA PETROCHEMICALS LTD.        X     STK    51.40    51.84    51.06    51.20    51.27      51.40        243       23178     1187701        NaN  2025-11-19

--- Accumulation File Preview (Last 5 Rows) ---
        DATE_GEN  SCRIP CODE  DELIVERY QTY  DELIVERY VAL  DAY'S VOLUME  DAY'S TURNOVER  DELV. PER.  SC_CODE                         SC_NAME SC_GROUP SC_TYPE    OPEN    HIGH     LOW   CLOSE    LAST  PREVCLOSE  NO_TRADES  NO_OF_SHRS  NET_TURNOV  TDCLOINDI        Date
347138   5032026      530295           101          3128           101            3224      100.00   530295  SHRI RAJIVLOCHAN OIL EXTRACTIO        X     STK   31.94   31.94   30.97   30.97   30.97      32.59          2         101        3224        NaN  2026-03-05
347139   5032026      530299           198         12672           207           13359       95.65   530299           KOTHARI PRODUCTS LTD.        B     STK   64.21   65.05   64.00   64.00   64.00      64.03          9         207       13359        NaN  2026-03-05
347140   5032026      530305          7121       3809379         17303         9176110       41.15   530305  PICCADILY AGRO INDUSTRIES LTD.        B     STK  535.85  541.15  523.00  534.95  534.95     525.90        617       17303     9176110        NaN  2026-03-05
347141   5032026      530307           521        133897           950          238049       54.84   530307   CHAMAN LAL SETIA EXPORTS LTD.        B     STK  245.20  259.00  245.20  257.00  257.00     247.65         88         950      238049        NaN  2026-03-05
347142   5032026      530309         12335        147280         12724          148982       96.94   530309  CHANDRA PRABHU INTERNATIONAL L        X     STK   11.50   11.95   11.30   11.94   11.95      11.35         35       12724      148982        NaN  2026-03-05
Process completed successfully.
Running pre-process pruning (maintaining 60-day window)...
Starting execution for date: 2026-03-06
Attempting to download BSE ZIP from: https://www.bseindia.com/BSEDATA/gross/2026/SCBSEALL0603.zip
BSE ZIP downloaded and extracted successfully.
Requesting Samco Bhavcopy for date: 2026-03-06
Found CSV link: https://www.samco.in/bse_nse_mcx/datacopy/L3Zhci93d3cvaHRtbC9zYW1jby9wdWJsaWNfaHRtbC9Eb3dubG9hZHMvYmhhdmNvcHlfZGF0YS8yMDI2LTAzLTA2LzIwMjYwMzA2X0JTRS5jc3Y, downloading as 20260306_BSE.csv
Downloaded: StockData/20260306_BSE.csv
Reading BSE file: StockData/SCBSEALL0603.TXT
Reading Samco file: StockData/20260306_BSE.csv
Merging files...
Filtered data has 4797 rows.
Renaming source 'DATE' column to 'DATE_GEN'
Loading existing CSV: StockData/merged_stock_data.csv
Appending new data to existing history...
Saving accumulated data to CSV: StockData/merged_stock_data.csv
Saving accumulated data to PKL: StockData/merged_stock_data.pkl
Saving accumulated data to SQLite: StockData/stock_data.db
SQLite update successful.

--- Accumulation File Preview (First 5 Rows) ---
   DATE_GEN  SCRIP CODE  DELIVERY QTY  DELIVERY VAL  DAY'S VOLUME  DAY'S TURNOVER  DELV. PER.  SC_CODE                         SC_NAME SC_GROUP SC_TYPE     OPEN     HIGH      LOW    CLOSE     LAST  PREVCLOSE  NO_TRADES  NO_OF_SHRS  NET_TURNOV  TDCLOINDI        Date
0  19112025      500002         16777      85257359         22755       115209158       73.73   500002               ABB INDIA LIMITED        A     STK  5085.00  5094.95  5037.00  5081.80  5082.00    5079.75       2347       22755   115209158        NaN  2025-11-19
1  19112025      500003          5328       4204059          9619         7582417       55.39   500003            AEGIS LOGISTICS LTD.        A     STK   790.05   795.40   786.00   789.05   786.00     792.65        856        9619     7582417        NaN  2025-11-19
2  19112025      500008          4742       4552558          8611         8227746       55.07   500008  Amara Raja Energy & Mobility L        A     STK   956.05   962.40   951.00   960.05   960.85     956.05        788        8611     8227746        NaN  2025-11-19
3  19112025      500009         15940        488721         19569          600771       81.46   500009  AMBALAL SARABHAI ENTERPRISES L        X     STK    30.91    31.00    30.50    30.66    30.78      30.63        167       19569      600771        NaN  2025-11-19
4  19112025      500012         20769       1063373         23178         1187701       89.61   500012      ANDHRA PETROCHEMICALS LTD.        X     STK    51.40    51.84    51.06    51.20    51.27      51.40        243       23178     1187701        NaN  2025-11-19

--- Accumulation File Preview (Last 5 Rows) ---
        DATE_GEN  SCRIP CODE  DELIVERY QTY  DELIVERY VAL  DAY'S VOLUME  DAY'S TURNOVER  DELV. PER.  SC_CODE                  SC_NAME SC_GROUP SC_TYPE      OPEN      HIGH       LOW      CLOSE      LAST  PREVCLOSE  NO_TRADES  NO_OF_SHRS  NET_TURNOV  TDCLOINDI        Date
351935   6032026      977477            30        299728            30          299645       100.0   977477  NFL-10.75%-31-12-28-PVT        F     STK   10040.0   10040.0    9963.0    9990.91    9990.0     9985.0         11          30      299645        NaN  2026-03-06
351936   6032026      977495             3        288000             3          288000       100.0   977495      EFCL-ZC-30-4-29-PVT        F     STK   96000.0   96000.0   96000.0   96000.00   96000.0    96000.0          1           3      288000        NaN  2026-03-06
351937   6032026      977532         12115    1220949700         12115      1220816446       100.0   977532      MSAFL-ZC-6-2-28-PVT        F     STK  100769.0  100780.0  100769.0  100780.00  100780.0   100741.0         77       12115  1220816446        NaN  2026-03-06
351938   6032026      977541             7         68994             7           68993       100.0   977541      KFL-12%-10-5-28-KFL        F     STK    9856.2    9856.2    9856.2    9856.20    9856.2     9856.1          2           7       68993        NaN  2026-03-06
351939   6032026      977576             2         19838             2           19838       100.0   977576     UCIL-13%-24-5-27-PVT        F     STK    9919.0    9919.0    9919.0    9919.00    9919.0     9919.0          2           2       19838        NaN  2026-03-06
Process completed successfully.
